[INFO] Scanning for projects...
[INFO] 
[INFO] ---------------------< org.examples:agency-server >---------------------
[INFO] Building agency-server 1.0.0
[INFO]   from pom.xml
[INFO] --------------------------------[ jar ]---------------------------------
[INFO] 
[INFO] >>> spring-boot:2.7.12:run (default-cli) > test-compile @ agency-server >>>
[INFO] 
[INFO] --- resources:3.3.1:resources (default-resources) @ agency-server ---
[INFO] skip non existing resourceDirectory /home/etudiant/Bureau/Soap/Hotel/HotelSoap/agency-server/src/main/resources
[INFO] 
[INFO] --- compiler:3.13.0:compile (default-compile) @ agency-server ---
[INFO] Nothing to compile - all classes are up to date.
[INFO] 
[INFO] --- resources:3.3.1:testResources (default-testResources) @ agency-server ---
[INFO] skip non existing resourceDirectory /home/etudiant/Bureau/Soap/Hotel/HotelSoap/agency-server/src/test/resources
[INFO] 
[INFO] --- compiler:3.13.0:testCompile (default-testCompile) @ agency-server ---
[INFO] No sources to compile
[INFO] 
[INFO] <<< spring-boot:2.7.12:run (default-cli) < test-compile @ agency-server <<<
[INFO] 
[INFO] 
[INFO] --- spring-boot:2.7.12:run (default-cli) @ agency-server ---
[INFO] Attaching agents: []

  .   ____          _            __ _ _
 /\\ / ___'_ __ _ _(_)_ __  __ _ \ \ \ \
( ( )\___ | '_ | '_| | '_ \/ _` | \ \ \ \
 \\/  ___)| |_)| | | | | || (_| |  ) ) ) )
  '  |____| .__|_| |_|_| |_\__, | / / / /
 =========|_|==============|___/=/_/_/_/
 :: Spring Boot ::               (v2.7.12)

2025-11-19 08:08:42.318  INFO 347677 --- [           main] org.examples.agency.AgencyApplication    : Starting AgencyApplication using Java 1.8.0_462 on dptinfo-pret with PID 347677 (/home/etudiant/Bureau/Soap/Hotel/HotelSoap/agency-server/target/classes started by etudiant in /home/etudiant/Bureau/Soap/Hotel/HotelSoap/agency-server)
2025-11-19 08:08:42.319  INFO 347677 --- [           main] org.examples.agency.AgencyApplication    : No active profile set, falling back to 1 default profile: "default"
2025-11-19 08:08:42.457  INFO 347677 --- [           main] org.examples.agency.TcpServer            : [AGENCY-INIT] TCP server listening on port 7070
2025-11-19 08:08:42.478  INFO 347677 --- [           main] org.examples.agency.AgencyApplication    : Started AgencyApplication in 0.272 seconds (JVM running for 0.382)
2025-11-19 08:08:45.861  INFO 347677 --- [pool-1-thread-1] org.examples.agency.AgencyService        : [AGENCY-REQ] raw={"op":"catalog.get"}
2025-11-19 08:08:45.862  INFO 347677 --- [pool-1-thread-1] org.examples.agency.AgencyService        : [AGENCY] op=catalog.get
2025-11-19 08:08:45.862  INFO 347677 --- [pool-1-thread-1] org.examples.agency.AgencyService        : [AGENCY->HOTEL:rivage] getCatalog
2025-11-19 08:08:46.031  INFO 347677 --- [pool-1-thread-1] org.examples.agency.AgencyService        : [HOTEL:rivage->AGENCY] catalog cities=1 agencies=1
2025-11-19 08:08:46.031  INFO 347677 --- [pool-1-thread-1] org.examples.agency.AgencyService        : [AGENCY->HOTEL:opera] getCatalog
2025-11-19 08:08:46.033  WARN 347677 --- [pool-1-thread-1] org.examples.agency.AgencyService        : [AGENCY-CALL] catalog opera failed: javax.xml.ws.WebServiceException: Echec de l'accès au WSDL à http://localhost:8082/hotel-opera/hotel?wsdl avec 
	Connexion refusée (Connection refused).
2025-11-19 08:08:56.786  INFO 347677 --- [pool-1-thread-1] org.examples.agency.AgencyService        : [AGENCY-REQ] raw={"op":"catalog.get"}
2025-11-19 08:08:56.787  INFO 347677 --- [pool-1-thread-1] org.examples.agency.AgencyService        : [AGENCY] op=catalog.get
2025-11-19 08:08:56.787  INFO 347677 --- [pool-1-thread-1] org.examples.agency.AgencyService        : [AGENCY->HOTEL:rivage] getCatalog
2025-11-19 08:08:56.845  INFO 347677 --- [pool-1-thread-1] org.examples.agency.AgencyService        : [HOTEL:rivage->AGENCY] catalog cities=1 agencies=1
2025-11-19 08:08:56.845  INFO 347677 --- [pool-1-thread-1] org.examples.agency.AgencyService        : [AGENCY->HOTEL:opera] getCatalog
2025-11-19 08:08:56.846  WARN 347677 --- [pool-1-thread-1] org.examples.agency.AgencyService        : [AGENCY-CALL] catalog opera failed: javax.xml.ws.WebServiceException: Echec de l'accès au WSDL à http://localhost:8082/hotel-opera/hotel?wsdl avec 
	Connexion refusée (Connection refused).
2025-11-19 08:09:10.485  INFO 347677 --- [pool-1-thread-1] org.examples.agency.AgencyService        : [AGENCY-REQ] raw={"op":"offers.search","payload":{"ville":"Sète","arrivee":"2025-10-10","depart":"2025-10-12","nbPersonnes":2,"agencyId":""}}
2025-11-19 08:09:10.485  INFO 347677 --- [pool-1-thread-1] org.examples.agency.AgencyService        : [AGENCY] op=offers.search payload={ville=Sète, arrivee=2025-10-10, depart=2025-10-12, nbPersonnes=2, agencyId=}
2025-11-19 08:09:10.485  INFO 347677 --- [pool-1-thread-1] org.examples.agency.AgencyService        : [AGENCY] searchOffers ville='Sète' arrivee='2025-10-10' depart='2025-10-12' nbPersonnes=2 agencyId=''
2025-11-19 08:09:10.519  INFO 347677 --- [pool-1-thread-1] org.examples.agency.AgencyService        : [AGENCY->HOTEL:rivage] searchOffers agence='rivageAgency' ville='Sète' from='2025-10-10' to='2025-10-12' nb=2
2025-11-19 08:09:10.624  INFO 347677 --- [pool-1-thread-1] org.examples.agency.AgencyService        : [HOTEL:rivage->AGENCY] offers count=2
2025-11-19 08:09:10.625  INFO 347677 --- [pool-1-thread-1] org.examples.agency.AgencyService        : [AGENCY-CALL] offers rivage -> 2 items
2025-11-19 08:09:10.627  WARN 347677 --- [pool-1-thread-1] org.examples.agency.AgencyService        : [AGENCY-CALL] offers opera failed: javax.xml.ws.WebServiceException: Echec de l'accès au WSDL à http://localhost:8082/hotel-opera/hotel?wsdl avec 
	Connexion refusée (Connection refused).
2025-11-19 08:10:24.899  INFO 347677 --- [pool-1-thread-1] org.examples.agency.AgencyService        : [AGENCY-REQ] raw={"op":"reservation.make","payload":{"hotelCode":"rivage","offerId":"OF|hotelrivage|101|2025-10-10|2025-10-12|2","agencyId":"","nom":"a","prenom":"a","carte":"1234123412341234"}}
2025-11-19 08:10:24.900  INFO 347677 --- [pool-1-thread-1] org.examples.agency.AgencyService        : [AGENCY] op=reservation.make payload={{hotelCode=rivage, offerId=OF|hotelrivage|101|2025-10-10|2025-10-12|2, agencyId=, nom=a, prenom=a, carte=**** **** **** 1234}}
2025-11-19 08:10:24.900  INFO 347677 --- [pool-1-thread-1] org.examples.agency.AgencyService        : [AGENCY] makeReservation hotelCode='rivage' offerId='OF|hotelrivage|101|2025-10-10|2025-10-12|2' agencyId='' nom='a' prenom='a' carte='**** **** **** 1234'
2025-11-19 08:10:24.928  INFO 347677 --- [pool-1-thread-1] org.examples.agency.AgencyService        : [AGENCY->HOTEL:rivage] reserve offerId='OF|hotelrivage|101|2025-10-10|2025-10-12|2' agencyId='rivageAgency' nom='a' prenom='a'
2025-11-19 08:10:24.978  INFO 347677 --- [pool-1-thread-1] org.examples.agency.AgencyService        : [HOTEL:rivage->AGENCY] reserve success=true ref=HÔTE-fc7f19fc-a7a8-4917-ae06-95adbfcfa2c6 message=Réservation confirmée 
2025-11-19 08:10:37.554  INFO 347677 --- [pool-1-thread-1] org.examples.agency.AgencyService        : [AGENCY-REQ] raw={"op":"offers.search","payload":{"ville":"Sète","arrivee":"2025-10-10","depart":"2025-10-12","nbPersonnes":2,"agencyId":""}}
2025-11-19 08:10:37.555  INFO 347677 --- [pool-1-thread-1] org.examples.agency.AgencyService        : [AGENCY] op=offers.search payload={ville=Sète, arrivee=2025-10-10, depart=2025-10-12, nbPersonnes=2, agencyId=}
2025-11-19 08:10:37.555  INFO 347677 --- [pool-1-thread-1] org.examples.agency.AgencyService        : [AGENCY] searchOffers ville='Sète' arrivee='2025-10-10' depart='2025-10-12' nbPersonnes=2 agencyId=''
2025-11-19 08:10:37.582  INFO 347677 --- [pool-1-thread-1] org.examples.agency.AgencyService        : [AGENCY->HOTEL:rivage] searchOffers agence='rivageAgency' ville='Sète' from='2025-10-10' to='2025-10-12' nb=2
2025-11-19 08:10:37.642  INFO 347677 --- [pool-1-thread-1] org.examples.agency.AgencyService        : [HOTEL:rivage->AGENCY] offers count=1
2025-11-19 08:10:37.643  INFO 347677 --- [pool-1-thread-1] org.examples.agency.AgencyService        : [AGENCY-CALL] offers rivage -> 1 items
2025-11-19 08:10:37.646  WARN 347677 --- [pool-1-thread-1] org.examples.agency.AgencyService        : [AGENCY-CALL] offers opera failed: javax.xml.ws.WebServiceException: Echec de l'accès au WSDL à http://localhost:8082/hotel-opera/hotel?wsdl avec 
	Connexion refusée (Connection refused).
