[[1;34mINFO[m] Scanning for projects...
[[1;34mINFO[m] 
[[1;34mINFO[m] [1m---------------< [0;36morg.examples:hotel-server-soap-rivage[0;1m >----------------[m
[[1;34mINFO[m] [1mBuilding hotel-server-soap-rivage 1.0.1-SNAPSHOT[m
[[1;34mINFO[m] [1m--------------------------------[ jar ]---------------------------------[m
[[1;34mINFO[m] 
[[1;34mINFO[m] [1m>>> [0;32mspring-boot-maven-plugin:2.7.12:run[m [1m(default-cli)[0;1m > [0;1mtest-compile[m @ [36mhotel-server-soap-rivage[0;1m >>>[m
[[1;34mINFO[m] 
[[1;34mINFO[m] [1m--- [0;32mmaven-resources-plugin:2.6:resources[m [1m(default-resources)[m @ [36mhotel-server-soap-rivage[0;1m ---[m
[[1;34mINFO[m] Using 'UTF-8' encoding to copy filtered resources.
[[1;34mINFO[m] Copying 2 resources
[[1;34mINFO[m] 
[[1;34mINFO[m] [1m--- [0;32mmaven-compiler-plugin:3.13.0:compile[m [1m(default-compile)[m @ [36mhotel-server-soap-rivage[0;1m ---[m
[[1;34mINFO[m] Recompiling the module because of [1mchanged source code[m.
[[1;34mINFO[m] Compiling 5 source files with javac [debug release 8] to target/classes
[[1;34mINFO[m] 
[[1;34mINFO[m] [1m--- [0;32mmaven-resources-plugin:2.6:testResources[m [1m(default-testResources)[m @ [36mhotel-server-soap-rivage[0;1m ---[m
[[1;34mINFO[m] Not copying test resources
[[1;34mINFO[m] 
[[1;34mINFO[m] [1m--- [0;32mmaven-compiler-plugin:3.13.0:testCompile[m [1m(default-testCompile)[m @ [36mhotel-server-soap-rivage[0;1m ---[m
[[1;34mINFO[m] Not compiling test sources
[[1;34mINFO[m] 
[[1;34mINFO[m] [1m<<< [0;32mspring-boot-maven-plugin:2.7.12:run[m [1m(default-cli)[0;1m < [0;1mtest-compile[m @ [36mhotel-server-soap-rivage[0;1m <<<[m
[[1;34mINFO[m] 
[[1;34mINFO[m] 
[[1;34mINFO[m] [1m--- [0;32mspring-boot-maven-plugin:2.7.12:run[m [1m(default-cli)[m @ [36mhotel-server-soap-rivage[0;1m ---[m
[[1;34mINFO[m] Attaching agents: []

  .   ____          _            __ _ _
 /\\ / ___'_ __ _ _(_)_ __  __ _ \ \ \ \
( ( )\___ | '_ | '_| | '_ \/ _` | \ \ \ \
 \\/  ___)| |_)| | | | | || (_| |  ) ) ) )
  '  |____| .__|_| |_|_| |_\__, | / / / /
 =========|_|==============|___/=/_/_/_/
 :: Spring Boot ::               (v2.7.12)

2025-11-19 19:11:40.237  INFO 414410 --- [           main] o.e.s.ServerRivageApplication            : Starting ServerRivageApplication using Java 1.8.0_462 on dptinfo-pret with PID 414410 (/home/etudiant/Bureau/Soap/Hotel/HotelSoap/server-rivage/target/classes started by etudiant in /home/etudiant/Bureau/Soap/Hotel/HotelSoap/server-rivage)
2025-11-19 19:11:40.239  INFO 414410 --- [           main] o.e.s.ServerRivageApplication            : No active profile set, falling back to 1 default profile: "default"
2025-11-19 19:11:40.519  INFO 414410 --- [           main] o.examples.server.soap.HotelServiceImpl  : [INIT] HotelServiceImpl starting. DataFactory hotelName='Rivage'
2025-11-19 19:11:40.520  INFO 414410 --- [           main] o.examples.server.soap.HotelServiceImpl  : [INIT] Gestionnaire injected with 1 hotels
2025-11-19 19:11:40.520  INFO 414410 --- [           main] o.examples.server.soap.HotelServiceImpl  : [INIT] Hotel='Hôtel Rivage' city='Sète' category='HAUT_DE_GAMME' rooms=2
2025-11-19 19:11:40.572  INFO 414410 --- [           main] o.e.s.ServerRivageApplication            : Started ServerRivageApplication in 0.508 seconds (JVM running for 0.691)
[BEAN-DUMPER] Listing beans in ApplicationContext...
[BEAN-DUMPER] Total beans: 45
[BEAN-DUMPER] bean[0] = applicationAvailability
[BEAN-DUMPER] bean[1] = applicationTaskExecutor
[BEAN-DUMPER] bean[2] = beanDumper
[BEAN-DUMPER] bean[3] = forceAutoProxyCreatorToUseClassProxying
[BEAN-DUMPER] bean[4] = gestionnaireInit
[BEAN-DUMPER] bean[5] = hotelAgencyServiceImpl
[BEAN-DUMPER] bean[6] = hotelServerApplication
[BEAN-DUMPER] bean[7] = hotelServiceDebugImpl
[BEAN-DUMPER] bean[8] = hotelServiceImpl
[BEAN-DUMPER] bean[9] = lifecycleProcessor
[BEAN-DUMPER] bean[10] = org.springframework.aop.config.internalAutoProxyCreator
[BEAN-DUMPER] bean[11] = org.springframework.boot.autoconfigure.AutoConfigurationPackages
[BEAN-DUMPER] bean[12] = org.springframework.boot.autoconfigure.aop.AopAutoConfiguration
[BEAN-DUMPER] bean[13] = org.springframework.boot.autoconfigure.aop.AopAutoConfiguration$ClassProxyingConfiguration
[BEAN-DUMPER] bean[14] = org.springframework.boot.autoconfigure.availability.ApplicationAvailabilityAutoConfiguration
[BEAN-DUMPER] bean[15] = org.springframework.boot.autoconfigure.context.ConfigurationPropertiesAutoConfiguration
[BEAN-DUMPER] bean[16] = org.springframework.boot.autoconfigure.context.LifecycleAutoConfiguration
[BEAN-DUMPER] bean[17] = org.springframework.boot.autoconfigure.context.PropertyPlaceholderAutoConfiguration
[BEAN-DUMPER] bean[18] = org.springframework.boot.autoconfigure.info.ProjectInfoAutoConfiguration
[BEAN-DUMPER] bean[19] = org.springframework.boot.autoconfigure.internalCachingMetadataReaderFactory
[BEAN-DUMPER] bean[20] = org.springframework.boot.autoconfigure.sql.init.SqlInitializationAutoConfiguration
[BEAN-DUMPER] bean[21] = org.springframework.boot.autoconfigure.task.TaskExecutionAutoConfiguration
[BEAN-DUMPER] bean[22] = org.springframework.boot.autoconfigure.task.TaskSchedulingAutoConfiguration
[BEAN-DUMPER] bean[23] = org.springframework.boot.context.internalConfigurationPropertiesBinder
[BEAN-DUMPER] bean[24] = org.springframework.boot.context.internalConfigurationPropertiesBinderFactory
[BEAN-DUMPER] bean[25] = org.springframework.boot.context.properties.BoundConfigurationProperties
[BEAN-DUMPER] bean[26] = org.springframework.boot.context.properties.ConfigurationPropertiesBindingPostProcessor
[BEAN-DUMPER] bean[27] = org.springframework.boot.context.properties.EnableConfigurationPropertiesRegistrar.methodValidationExcludeFilter
[BEAN-DUMPER] bean[28] = org.springframework.boot.sql.init.dependency.DatabaseInitializationDependencyConfigurer$DependsOnDatabaseInitializationPostProcessor
[BEAN-DUMPER] bean[29] = org.springframework.context.annotation.internalAutowiredAnnotationProcessor
[BEAN-DUMPER] bean[30] = org.springframework.context.annotation.internalCommonAnnotationProcessor
[BEAN-DUMPER] bean[31] = org.springframework.context.annotation.internalConfigurationAnnotationProcessor
[BEAN-DUMPER] bean[32] = org.springframework.context.event.internalEventListenerFactory
[BEAN-DUMPER] bean[33] = org.springframework.context.event.internalEventListenerProcessor
[BEAN-DUMPER] bean[34] = propertySourcesPlaceholderConfigurer
[BEAN-DUMPER] bean[35] = publisher
[BEAN-DUMPER] bean[36] = rivageInitConfig
[BEAN-DUMPER] bean[37] = serverRivageApplication
[BEAN-DUMPER] bean[38] = spring.info-org.springframework.boot.autoconfigure.info.ProjectInfoProperties
[BEAN-DUMPER] bean[39] = spring.lifecycle-org.springframework.boot.autoconfigure.context.LifecycleProperties
[BEAN-DUMPER] bean[40] = spring.sql.init-org.springframework.boot.autoconfigure.sql.init.SqlInitializationProperties
[BEAN-DUMPER] bean[41] = spring.task.execution-org.springframework.boot.autoconfigure.task.TaskExecutionProperties
[BEAN-DUMPER] bean[42] = spring.task.scheduling-org.springframework.boot.autoconfigure.task.TaskSchedulingProperties
[BEAN-DUMPER] bean[43] = taskExecutorBuilder
[BEAN-DUMPER] bean[44] = taskSchedulerBuilder
[BEAN-DUMPER] HotelAgencyService beans:
[BEAN-DUMPER]   hotelAgencyServiceImpl -> org.examples.server.impl.HotelAgencyServiceImpl
[BEAN-DUMPER] HotelService beans:
[BEAN-DUMPER]   hotelServiceDebugImpl -> org.examples.server.soap.HotelServiceDebugImpl
[BEAN-DUMPER]   hotelServiceImpl -> org.examples.server.soap.HotelServiceImpl
[BEAN-DUMPER] End of bean dump.
[SOAP] Publisher démarré — recherche des beans de service...
2025-11-19 19:11:41.226  INFO 414410 --- [           main] com.sun.xml.ws.monitoring                : Metro monitoring rootname successfully set to: com.sun.metro:pp=/,type=WSEndpoint,name=HotelAgencyService-HotelAgencyServiceImplPort
[SOAP] Échec publication HotelAgencyService bean 'hotelAgencyServiceImpl' sur http://0.0.0.0:8081/hotel-rivage/agency: com.sun.xml.ws.server.ServerRtException: Erreur d'exécution du serveur : java.net.BindException: Adresse déjà utilisée
com.sun.xml.ws.server.ServerRtException: Erreur d'exécution du serveur : java.net.BindException: Adresse déjà utilisée
	at com.sun.xml.ws.transport.http.server.ServerMgr.createContext(ServerMgr.java:125)
	at com.sun.xml.ws.transport.http.server.HttpEndpoint.publish(HttpEndpoint.java:49)
	at com.sun.xml.ws.transport.http.server.EndpointImpl.publish(EndpointImpl.java:218)
	at com.sun.xml.ws.spi.ProviderImpl.createAndPublishEndpoint(ProviderImpl.java:111)
	at javax.xml.ws.Endpoint.publish(Endpoint.java:240)
	at org.examples.server.soap.Publisher.run(Publisher.java:63)
	at org.springframework.boot.SpringApplication.callRunner(SpringApplication.java:768)
	at org.springframework.boot.SpringApplication.callRunners(SpringApplication.java:752)
	at org.springframework.boot.SpringApplication.run(SpringApplication.java:314)
	at org.springframework.boot.SpringApplication.run(SpringApplication.java:1303)
	at org.springframework.boot.SpringApplication.run(SpringApplication.java:1292)
	at org.examples.serverrivage.ServerRivageApplication.main(ServerRivageApplication.java:10)
Caused by: java.net.BindException: Adresse déjà utilisée
	at sun.nio.ch.Net.bind0(Native Method)
	at sun.nio.ch.Net.bind(Net.java:461)
	at sun.nio.ch.Net.bind(Net.java:453)
	at sun.nio.ch.ServerSocketChannelImpl.bind(ServerSocketChannelImpl.java:222)
	at sun.nio.ch.ServerSocketAdaptor.bind(ServerSocketAdaptor.java:85)
	at sun.net.httpserver.ServerImpl.<init>(ServerImpl.java:141)
	at sun.net.httpserver.HttpServerImpl.<init>(HttpServerImpl.java:50)
	at sun.net.httpserver.DefaultHttpServerProvider.createHttpServer(DefaultHttpServerProvider.java:35)
	at com.sun.net.httpserver.HttpServer.create(HttpServer.java:130)
	at com.sun.xml.ws.transport.http.server.ServerMgr.createContext(ServerMgr.java:85)
	... 11 more
[DIAG] HotelService beans détectés: [hotelServiceDebugImpl, hotelServiceImpl]
[INIT] Found 1 Gestionnaire bean(s) — will attempt to inject into HotelService instances
[INIT] Injected Gestionnaire bean into HotelService bean 'hotelServiceDebugImpl' via setGestionnaire(Impl.Gestionnaire)
2025-11-19 19:11:41.287  INFO 414410 --- [           main] com.sun.xml.ws.monitoring                : Metro monitoring rootname successfully set to: com.sun.metro:pp=/,type=WSEndpoint,name=HotelServiceDebug-HotelServiceDebugImplPort
[SOAP] Échec publication HotelService bean 'hotelServiceDebugImpl' sur http://0.0.0.0:8081/hotel-debug: com.sun.xml.ws.server.ServerRtException: Erreur d'exécution du serveur : java.net.BindException: Adresse déjà utilisée
com.sun.xml.ws.server.ServerRtException: Erreur d'exécution du serveur : java.net.BindException: Adresse déjà utilisée
	at com.sun.xml.ws.transport.http.server.ServerMgr.createContext(ServerMgr.java:125)
	at com.sun.xml.ws.transport.http.server.HttpEndpoint.publish(HttpEndpoint.java:49)
	at com.sun.xml.ws.transport.http.server.EndpointImpl.publish(EndpointImpl.java:218)
	at com.sun.xml.ws.spi.ProviderImpl.createAndPublishEndpoint(ProviderImpl.java:111)
	at javax.xml.ws.Endpoint.publish(Endpoint.java:240)
	at org.examples.server.soap.Publisher.run(Publisher.java:115)
	at org.springframework.boot.SpringApplication.callRunner(SpringApplication.java:768)
	at org.springframework.boot.SpringApplication.callRunners(SpringApplication.java:752)
	at org.springframework.boot.SpringApplication.run(SpringApplication.java:314)
	at org.springframework.boot.SpringApplication.run(SpringApplication.java:1303)
	at org.springframework.boot.SpringApplication.run(SpringApplication.java:1292)
	at org.examples.serverrivage.ServerRivageApplication.main(ServerRivageApplication.java:10)
Caused by: java.net.BindException: Adresse déjà utilisée
	at sun.nio.ch.Net.bind0(Native Method)
	at sun.nio.ch.Net.bind(Net.java:461)
	at sun.nio.ch.Net.bind(Net.java:453)
	at sun.nio.ch.ServerSocketChannelImpl.bind(ServerSocketChannelImpl.java:222)
	at sun.nio.ch.ServerSocketAdaptor.bind(ServerSocketAdaptor.java:85)
	at sun.net.httpserver.ServerImpl.<init>(ServerImpl.java:141)
	at sun.net.httpserver.HttpServerImpl.<init>(HttpServerImpl.java:50)
	at sun.net.httpserver.DefaultHttpServerProvider.createHttpServer(DefaultHttpServerProvider.java:35)
	at com.sun.net.httpserver.HttpServer.create(HttpServer.java:130)
	at com.sun.xml.ws.transport.http.server.ServerMgr.createContext(ServerMgr.java:85)
	... 11 more
[INIT] Injected Gestionnaire bean into HotelService bean 'hotelServiceImpl' via setGestionnaire(Impl.Gestionnaire)
2025-11-19 19:11:41.586  INFO 414410 --- [           main] com.sun.xml.ws.monitoring                : Metro monitoring rootname successfully set to: com.sun.metro:pp=/,type=WSEndpoint,name=HotelService-HotelServiceImplPort
2025-11-19 19:11:41.591  INFO 414410 --- [           main] o.examples.server.soap.HotelServiceImpl  : [INIT] HotelServiceImpl starting. DataFactory hotelName='Rivage'
2025-11-19 19:11:41.591  INFO 414410 --- [           main] o.examples.server.soap.HotelServiceImpl  : [INIT] Gestionnaire injected with 1 hotels
2025-11-19 19:11:41.591  INFO 414410 --- [           main] o.examples.server.soap.HotelServiceImpl  : [INIT] Hotel='Hôtel Rivage' city='Sète' category='HAUT_DE_GAMME' rooms=2
[SOAP] Échec publication HotelService bean 'hotelServiceImpl' sur http://0.0.0.0:8081/hotel-rivage/hotel: com.sun.xml.ws.server.ServerRtException: Erreur d'exécution du serveur : java.net.BindException: Adresse déjà utilisée
com.sun.xml.ws.server.ServerRtException: Erreur d'exécution du serveur : java.net.BindException: Adresse déjà utilisée
	at com.sun.xml.ws.transport.http.server.ServerMgr.createContext(ServerMgr.java:125)
	at com.sun.xml.ws.transport.http.server.HttpEndpoint.publish(HttpEndpoint.java:49)
	at com.sun.xml.ws.transport.http.server.EndpointImpl.publish(EndpointImpl.java:218)
	at com.sun.xml.ws.spi.ProviderImpl.createAndPublishEndpoint(ProviderImpl.java:111)
	at javax.xml.ws.Endpoint.publish(Endpoint.java:240)
	at org.examples.server.soap.Publisher.run(Publisher.java:115)
	at org.springframework.boot.SpringApplication.callRunner(SpringApplication.java:768)
	at org.springframework.boot.SpringApplication.callRunners(SpringApplication.java:752)
	at org.springframework.boot.SpringApplication.run(SpringApplication.java:314)
	at org.springframework.boot.SpringApplication.run(SpringApplication.java:1303)
	at org.springframework.boot.SpringApplication.run(SpringApplication.java:1292)
	at org.examples.serverrivage.ServerRivageApplication.main(ServerRivageApplication.java:10)
Caused by: java.net.BindException: Adresse déjà utilisée
	at sun.nio.ch.Net.bind0(Native Method)
	at sun.nio.ch.Net.bind(Net.java:461)
	at sun.nio.ch.Net.bind(Net.java:453)
	at sun.nio.ch.ServerSocketChannelImpl.bind(ServerSocketChannelImpl.java:222)
	at sun.nio.ch.ServerSocketAdaptor.bind(ServerSocketAdaptor.java:85)
	at sun.net.httpserver.ServerImpl.<init>(ServerImpl.java:141)
	at sun.net.httpserver.HttpServerImpl.<init>(HttpServerImpl.java:50)
	at sun.net.httpserver.DefaultHttpServerProvider.createHttpServer(DefaultHttpServerProvider.java:35)
	at com.sun.net.httpserver.HttpServer.create(HttpServer.java:130)
	at com.sun.xml.ws.transport.http.server.ServerMgr.createContext(ServerMgr.java:85)
	... 11 more
[[1;34mINFO[m] [1m------------------------------------------------------------------------[m
[[1;34mINFO[m] [1;32mBUILD SUCCESS[m
[[1;34mINFO[m] [1m------------------------------------------------------------------------[m
[[1;34mINFO[m] Total time:  2.750 s
[[1;34mINFO[m] Finished at: 2025-11-19T19:11:41+01:00
[[1;34mINFO[m] [1m------------------------------------------------------------------------[m
